// Jest Snapshot v1, https://goo.gl/fbAQLP

exports[`About Render correctly 1`] = `
<About>
  <Modal
    confirmLoading={false}
    footer={
      <Button
        block={false}
        ghost={false}
        htmlType="button"
        loading={false}
        onClick={[Function]}
        type="primary"
      >
        Ok
      </Button>
    }
    maskTransitionName="fade"
    okType="primary"
    onCancel={[Function]}
    title="About"
    transitionName="zoom"
    visible={true}
    width={300}
  >
    <Component
      closeIcon={
        <span
          className="ant-modal-close-x"
        >
          <Icon
            className="ant-modal-close-icon"
            type="close"
          />
        </span>
      }
      confirmLoading={false}
      footer={
        <Button
          block={false}
          ghost={false}
          htmlType="button"
          loading={false}
          onClick={[Function]}
          type="primary"
        >
          Ok
        </Button>
      }
      maskTransitionName="fade"
      okType="primary"
      onCancel={[Function]}
      onClose={[Function]}
      prefixCls="ant-modal"
      title="About"
      transitionName="zoom"
      visible={true}
      width={300}
      wrapClassName=""
    >
      <PortalWrapper
        visible={true}
      >
        <Portal
          getContainer={[Function]}
        >
          <Portal
            containerInfo={
              <div>
                <div>
                  <div
                    class="ant-modal-mask fade-appear"
                  />
                  <div
                    aria-labelledby="rcDialogTitle0"
                    class="ant-modal-wrap "
                    role="dialog"
                    tabindex="-1"
                  >
                    <div
                      class="ant-modal zoom-appear"
                      role="document"
                      style="width: 300px;"
                    >
                      <div
                        aria-hidden="true"
                        style="width: 0px; height: 0px; overflow: hidden;"
                        tabindex="0"
                      />
                      <div
                        class="ant-modal-content"
                      >
                        <button
                          aria-label="Close"
                          class="ant-modal-close"
                          type="button"
                        >
                          <span
                            class="ant-modal-close-x"
                          >
                            <i
                              aria-label="icon: close"
                              class="anticon anticon-close ant-modal-close-icon"
                            >
                              <svg
                                aria-hidden="true"
                                class=""
                                data-icon="close"
                                fill="currentColor"
                                focusable="false"
                                height="1em"
                                viewBox="64 64 896 896"
                                width="1em"
                              >
                                <path
                                  d="M563.8 512l262.5-312.9c4.4-5.2.7-13.1-6.1-13.1h-79.8c-4.7 0-9.2 2.1-12.3 5.7L511.6 449.8 295.1 191.7c-3-3.6-7.5-5.7-12.3-5.7H203c-6.8 0-10.5 7.9-6.1 13.1L459.4 512 196.9 824.9A7.95 7.95 0 0 0 203 838h79.8c4.7 0 9.2-2.1 12.3-5.7l216.5-258.1 216.5 258.1c3 3.6 7.5 5.7 12.3 5.7h79.8c6.8 0 10.5-7.9 6.1-13.1L563.8 512z"
                                />
                              </svg>
                            </i>
                          </span>
                        </button>
                        <div
                          class="ant-modal-header"
                        >
                          <div
                            class="ant-modal-title"
                            id="rcDialogTitle0"
                          >
                            About
                          </div>
                        </div>
                        <div
                          class="ant-modal-body"
                        >
                          <div
                            class="container"
                          >
                            <div
                              class="companyContainer"
                            >
                              <div
                                class="text bold"
                              >
                                Phoenix is built by
                              </div>
                              <div
                                class="companyIcon"
                              />
                            </div>
                          </div>
                        </div>
                        <div
                          class="ant-modal-footer"
                        >
                          <button
                            class="ant-btn ant-btn-primary"
                            type="button"
                          >
                            <span>
                              Ok
                            </span>
                          </button>
                        </div>
                      </div>
                      <div
                        aria-hidden="true"
                        style="width: 0px; height: 0px; overflow: hidden;"
                        tabindex="0"
                      />
                    </div>
                  </div>
                </div>
              </div>
            }
          >
            <Dialog
              className=""
              closable={true}
              closeIcon={
                <span
                  className="ant-modal-close-x"
                >
                  <Icon
                    className="ant-modal-close-icon"
                    type="close"
                  />
                </span>
              }
              confirmLoading={false}
              destroyOnClose={false}
              footer={
                <Button
                  block={false}
                  ghost={false}
                  htmlType="button"
                  loading={false}
                  onClick={[Function]}
                  type="primary"
                >
                  Ok
                </Button>
              }
              getContainer={[Function]}
              getOpenCount={[Function]}
              keyboard={true}
              mask={true}
              maskClosable={true}
              maskTransitionName="fade"
              okType="primary"
              onCancel={[Function]}
              onClose={[Function]}
              prefixCls="ant-modal"
              title="About"
              transitionName="zoom"
              visible={true}
              width={300}
              wrapClassName=""
            >
              <div>
                <Animate
                  animation={Object {}}
                  component=""
                  componentProps={Object {}}
                  key="mask"
                  onAppear={[Function]}
                  onEnd={[Function]}
                  onEnter={[Function]}
                  onLeave={[Function]}
                  showProp="visible"
                  transitionAppear={true}
                  transitionEnter={true}
                  transitionLeave={true}
                  transitionName="fade"
                >
                  <AnimateChild
                    animation={Object {}}
                    key="mask"
                    transitionAppear={true}
                    transitionEnter={true}
                    transitionLeave={true}
                    transitionName="fade"
                  >
                    <LazyRenderBox
                      className="ant-modal-mask"
                      hiddenClassName="ant-modal-mask-hidden"
                      key="mask"
                      style={Object {}}
                      visible={true}
                    >
                      <div
                        className="ant-modal-mask"
                        style={Object {}}
                      />
                    </LazyRenderBox>
                  </AnimateChild>
                </Animate>
                <div
                  aria-labelledby="rcDialogTitle0"
                  className="ant-modal-wrap "
                  onClick={[Function]}
                  onKeyDown={[Function]}
                  onMouseUp={[Function]}
                  role="dialog"
                  style={
                    Object {
                      "display": null,
                    }
                  }
                  tabIndex={-1}
                >
                  <Animate
                    animation={Object {}}
                    component=""
                    componentProps={Object {}}
                    key="dialog"
                    onAppear={[Function]}
                    onEnd={[Function]}
                    onEnter={[Function]}
                    onLeave={[Function]}
                    showProp="visible"
                    transitionAppear={true}
                    transitionEnter={true}
                    transitionLeave={true}
                    transitionName="zoom"
                  >
                    <AnimateChild
                      animation={Object {}}
                      key="dialog-element"
                      transitionAppear={true}
                      transitionEnter={true}
                      transitionLeave={true}
                      transitionName="zoom"
                    >
                      <LazyRenderBox
                        className="ant-modal "
                        key="dialog-element"
                        onMouseDown={[Function]}
                        role="document"
                        style={
                          Object {
                            "width": 300,
                          }
                        }
                        visible={true}
                      >
                        <div
                          className="ant-modal "
                          onMouseDown={[Function]}
                          role="document"
                          style={
                            Object {
                              "width": 300,
                            }
                          }
                        >
                          <div
                            aria-hidden="true"
                            style={
                              Object {
                                "height": 0,
                                "overflow": "hidden",
                                "width": 0,
                              }
                            }
                            tabIndex={0}
                          />
                          <div
                            className="ant-modal-content"
                          >
                            <button
                              aria-label="Close"
                              className="ant-modal-close"
                              onClick={[Function]}
                              type="button"
                            >
                              <span
                                className="ant-modal-close-x"
                              >
                                <Icon
                                  className="ant-modal-close-icon"
                                  type="close"
                                >
                                  <LocaleReceiver
                                    componentName="Icon"
                                  >
                                    <i
                                      aria-label="icon: close"
                                      className="anticon anticon-close ant-modal-close-icon"
                                    >
                                      <IconReact
                                        className=""
                                        type="close-o"
                                      >
                                        <svg
                                          aria-hidden="true"
                                          className=""
                                          data-icon="close"
                                          fill="currentColor"
                                          focusable="false"
                                          height="1em"
                                          key="svg-close"
                                          viewBox="64 64 896 896"
                                          width="1em"
                                        >
                                          <path
                                            d="M563.8 512l262.5-312.9c4.4-5.2.7-13.1-6.1-13.1h-79.8c-4.7 0-9.2 2.1-12.3 5.7L511.6 449.8 295.1 191.7c-3-3.6-7.5-5.7-12.3-5.7H203c-6.8 0-10.5 7.9-6.1 13.1L459.4 512 196.9 824.9A7.95 7.95 0 0 0 203 838h79.8c4.7 0 9.2-2.1 12.3-5.7l216.5-258.1 216.5 258.1c3 3.6 7.5 5.7 12.3 5.7h79.8c6.8 0 10.5-7.9 6.1-13.1L563.8 512z"
                                            key="svg-close-svg-0"
                                          />
                                        </svg>
                                      </IconReact>
                                    </i>
                                  </LocaleReceiver>
                                </Icon>
                              </span>
                            </button>
                            <div
                              className="ant-modal-header"
                            >
                              <div
                                className="ant-modal-title"
                                id="rcDialogTitle0"
                              >
                                About
                              </div>
                            </div>
                            <div
                              className="ant-modal-body"
                            >
                              <div
                                className="container"
                              >
                                <div
                                  className="companyContainer"
                                >
                                  <div
                                    className="text bold"
                                  >
                                    Phoenix is built by
                                  </div>
                                  <div
                                    className="companyIcon"
                                  />
                                </div>
                              </div>
                            </div>
                            <div
                              className="ant-modal-footer"
                            >
                              <Button
                                block={false}
                                ghost={false}
                                htmlType="button"
                                loading={false}
                                onClick={[Function]}
                                type="primary"
                              >
                                <Wave>
                                  <button
                                    className="ant-btn ant-btn-primary"
                                    onClick={[Function]}
                                    type="button"
                                  >
                                    <span
                                      key=".0"
                                    >
                                      Ok
                                    </span>
                                  </button>
                                </Wave>
                              </Button>
                            </div>
                          </div>
                          <div
                            aria-hidden="true"
                            style={
                              Object {
                                "height": 0,
                                "overflow": "hidden",
                                "width": 0,
                              }
                            }
                            tabIndex={0}
                          />
                        </div>
                      </LazyRenderBox>
                    </AnimateChild>
                  </Animate>
                </div>
              </div>
            </Dialog>
          </Portal>
        </Portal>
      </PortalWrapper>
    </Component>
  </Modal>
</About>
`;
